// Jest Snapshot v1, https://goo.gl/fbAQLP

exports[`assembleResponseString should handle unknown status codes: 
"HTTP/1.1 999 Unknown Status
Server: Lua HTTP/1.1
Content-Type: text/plain

"
 1`] = `
"HTTP/1.1 999 Unknown Status
Server: Lua HTTP/1.1
Content-Type: text/plain

"
`;
